// Jest Snapshot v1, https://goo.gl/fbAQLP

exports[`FilmName component test suite FilmName snapshot renders correctly 1`] = `
<div
  className="FilmName"
/>
`;
