// Jest Snapshot v1, https://goo.gl/fbAQLP

exports[`FilmGenre component test suite FilmGenre snapshot renders correctly 1`] = `
<div
  className="FilmGenre"
/>
`;
